regress: voices: budget of 8 across 3 parts: 3 POLY parts, random notes: at most 8 voices active (budget 8), VOICE part at most 4 (cap 4), 665 voices taken, 0 still fading after their KILL_BLOCKS, all free 1.22 s after the note-offs ok
regress: voices: a stolen voice fades: 5 takes; largest sample step at a take 1490 vs 2397 before it (0.62 x, limit 1.50 x) ok
regress: voices: MONO keeps its note: MONO part held its note through 868 voices taken from the others: lost in 0 blocks ok
regress: voices: LEGATO keeps its note: LEGATO part held its note through 868 voices taken from the others: lost in 0 blocks ok
regress: voices: UNISON keeps its note: UNISON part held its note through 875 voices taken from the others: lost in 0 blocks ok
regress: voices: VOICE engine cap: VOICE engine, 8 keys: at most 4 voices in POLY, 4 in UNISON (cap 4); freed after release ok
regress: routing: no hanging notes: 14135 random MIDI / key events on ch 1-3, 10, 5, 16 and the keys, track selection changing, 3 rounds: no gate left on, every voice free ok
regress: CPU cpu/ANALOG/00_808_BOOM: 856 instructions / sample, no baseline (BUDGET_UPDATE=1 adds it)
regress: CPU cpu/ANALOG/01_808_DIRTY: 812 instructions / sample, no baseline (BUDGET_UPDATE=1 adds it)
regress: CPU cpu/ANALOG/02_SUB_BASS: 870 instructions / sample, no baseline (BUDGET_UPDATE=1 adds it)
regress: CPU cpu/ANALOG/03_808_SLIDE: 843 instructions / sample, no baseline (BUDGET_UPDATE=1 adds it)
regress: CPU cpu/ANALOG/04_ACID_303: 951 instructions / sample, no baseline (BUDGET_UPDATE=1 adds it)
regress: CPU cpu/ANALOG/05_PLUGG_BASS: 839 instructions / sample, no baseline (BUDGET_UPDATE=1 adds it)
regress: CPU cpu/ANALOG/06_REESE: 1036 instructions / sample, no baseline (BUDGET_UPDATE=1 adds it)
regress: CPU cpu/ANALOG/07_WOBBLE: 1077 instructions / sample, no baseline (BUDGET_UPDATE=1 adds it)
regress: CPU cpu/ANALOG/08_FUNK_BASS: 1216 instructions / sample, no baseline (BUDGET_UPDATE=1 adds it)
regress: CPU cpu/ANALOG/09_G-FUNK_LD: 845 instructions / sample, no baseline (BUDGET_UPDATE=1 adds it)
regress: CPU cpu/ANALOG/10_TRAP_PLUCK: 1042 instructions / sample, no baseline (BUDGET_UPDATE=1 adds it)
regress: CPU cpu/ANALOG/11_SYN_BRASS: 1042 instructions / sample, no baseline (BUDGET_UPDATE=1 adds it)
regress: CPU cpu/ANALOG/12_SUPERSAW: 1042 instructions / sample, no baseline (BUDGET_UPDATE=1 adds it)
regress: CPU cpu/ANALOG/13_WARM_PAD: 1115 instructions / sample, no baseline (BUDGET_UPDATE=1 adds it)
regress: CPU cpu/ANALOG/14_DARK_STR: 843 instructions / sample, no baseline (BUDGET_UPDATE=1 adds it)
regress: CPU cpu/ANALOG/15_ATMOS_PAD: 1117 instructions / sample, no baseline (BUDGET_UPDATE=1 adds it)
regress: CPU cpu/DIGITAL/00_RHODES: 715 instructions / sample, no baseline (BUDGET_UPDATE=1 adds it)
regress: CPU cpu/DIGITAL/01_DX_RHODES: 713 instructions / sample, no baseline (BUDGET_UPDATE=1 adds it)
regress: CPU cpu/DIGITAL/02_WURLI: 757 instructions / sample, no baseline (BUDGET_UPDATE=1 adds it)
regress: CPU cpu/DIGITAL/03_CLAV: 757 instructions / sample, no baseline (BUDGET_UPDATE=1 adds it)
regress: CPU cpu/DIGITAL/04_M1_PIANO: 713 instructions / sample, no baseline (BUDGET_UPDATE=1 adds it)
regress: CPU cpu/DIGITAL/05_AFRO_KEYS: 714 instructions / sample, no baseline (BUDGET_UPDATE=1 adds it)
regress: CPU cpu/DIGITAL/06_TRAP_BELL: 707 instructions / sample, no baseline (BUDGET_UPDATE=1 adds it)
regress: CPU cpu/DIGITAL/07_MUSIC_BOX: 714 instructions / sample, no baseline (BUDGET_UPDATE=1 adds it)
regress: CPU cpu/DIGITAL/08_MARIMBA: 707 instructions / sample, no baseline (BUDGET_UPDATE=1 adds it)
regress: CPU cpu/DIGITAL/09_KALIMBA: 707 instructions / sample, no baseline (BUDGET_UPDATE=1 adds it)
regress: CPU cpu/DIGITAL/10_PLUGG_BELL: 713 instructions / sample, no baseline (BUDGET_UPDATE=1 adds it)
regress: CPU cpu/DIGITAL/11_GLASS_PAD: 714 instructions / sample, no baseline (BUDGET_UPDATE=1 adds it)
regress: CPU cpu/DIGITAL/12_FM_BASS: 695 instructions / sample, no baseline (BUDGET_UPDATE=1 adds it)
regress: CPU cpu/PHASE/00_CZ_BASS: 1051 instructions / sample, no baseline (BUDGET_UPDATE=1 adds it)
regress: CPU cpu/PHASE/01_SOFT_KEYS: 727 instructions / sample, no baseline (BUDGET_UPDATE=1 adds it)
regress: CPU cpu/PHASE/02_CZ_STRING: 1070 instructions / sample, no baseline (BUDGET_UPDATE=1 adds it)
regress: CPU cpu/PHASE/03_RESO_PLUCK: 870 instructions / sample, no baseline (BUDGET_UPDATE=1 adds it)
regress: CPU cpu/PHASE/04_CZ_BRASS: 661 instructions / sample, no baseline (BUDGET_UPDATE=1 adds it)
regress: CPU cpu/LOFI/00_GAME_LEAD: 486 instructions / sample, no baseline (BUDGET_UPDATE=1 adds it)
regress: CPU cpu/LOFI/01_GB_BASS: 427 instructions / sample, no baseline (BUDGET_UPDATE=1 adds it)
regress: CPU cpu/LOFI/02_8BIT_ARP: 482 instructions / sample, no baseline (BUDGET_UPDATE=1 adds it)
regress: CPU cpu/SAMPLE/00_GRAND_PNO: 647 instructions / sample, no baseline (BUDGET_UPDATE=1 adds it)
regress: CPU cpu/SAMPLE/01_UP_BASS: 329 instructions / sample, no baseline (BUDGET_UPDATE=1 adds it)
regress: CPU cpu/SAMPLE/02_VIBES: 367 instructions / sample, no baseline (BUDGET_UPDATE=1 adds it)
regress: CPU cpu/SAMPLE/03_HORN_STAB: 151 instructions / sample, no baseline (BUDGET_UPDATE=1 adds it)
regress: CPU cpu/SAMPLE/04_STRING_STB: 137 instructions / sample, no baseline (BUDGET_UPDATE=1 adds it)
regress: CPU cpu/SAMPLE/05_LOFI_FLUTE: 528 instructions / sample, no baseline (BUDGET_UPDATE=1 adds it)
regress: CPU cpu/SAMPLE/06_SCRATCH: 126 instructions / sample, no baseline (BUDGET_UPDATE=1 adds it)
regress: CPU cpu/SAMPLE/07_GM_KIT: 146 instructions / sample, no baseline (BUDGET_UPDATE=1 adds it)
regress: CPU cpu/SAMPLE/08_DUSTY_PNO: 799 instructions / sample, no baseline (BUDGET_UPDATE=1 adds it)
regress: CPU cpu/SAMPLE/09_LOFI_KEYS: 800 instructions / sample, no baseline (BUDGET_UPDATE=1 adds it)
regress: CPU cpu/SAMPLE/10_DEEP_BASS: 658 instructions / sample, no baseline (BUDGET_UPDATE=1 adds it)
regress: CPU cpu/VOICE/01_SOUL_OOH: 705 instructions / sample, no baseline (BUDGET_UPDATE=1 adds it)
regress: CPU cpu/VOICE/02_TALKBOX: 726 instructions / sample, no baseline (BUDGET_UPDATE=1 adds it)
regress: CPU cpu/VOICE/03_WOW_BASS: 706 instructions / sample, no baseline (BUDGET_UPDATE=1 adds it)
regress: CPU cpu/TRIO/01_MIN_STAB: 1008 instructions / sample, no baseline (BUDGET_UPDATE=1 adds it)
regress: CPU cpu/TRIO/02_MIN7_STAB: 936 instructions / sample, no baseline (BUDGET_UPDATE=1 adds it)
regress: CPU cpu/TRIO/03_RAVE_STAB: 1047 instructions / sample, no baseline (BUDGET_UPDATE=1 adds it)
regress: CPU cpu/TRIO/04_DUB_CHORD: 936 instructions / sample, no baseline (BUDGET_UPDATE=1 adds it)
regress: CPU cpu/TRIO/05_SAW_PAD: 1009 instructions / sample, no baseline (BUDGET_UPDATE=1 adds it)
regress: CPU cpu/TRIO/06_SYNC_LEAD: 966 instructions / sample, no baseline (BUDGET_UPDATE=1 adds it)
regress: CPU cpu/TRIO/07_HOOVER: 1049 instructions / sample, no baseline (BUDGET_UPDATE=1 adds it)
regress: CPU cpu/WHEEL/00_SOUL_ORGAN: 668 instructions / sample, no baseline (BUDGET_UPDATE=1 adds it)
regress: CPU cpu/WHEEL/01_GOSPEL: 765 instructions / sample, no baseline (BUDGET_UPDATE=1 adds it)
regress: CPU cpu/WHEEL/02_JAZZ_ORGAN: 683 instructions / sample, no baseline (BUDGET_UPDATE=1 adds it)
regress: CPU cpu/WHEEL/03_DIRTY_B3: 788 instructions / sample, no baseline (BUDGET_UPDATE=1 adds it)
regress: CPU cpu/WHEEL/04_HOUSE_ORGN: 839 instructions / sample, no baseline (BUDGET_UPDATE=1 adds it)
regress: CPU cpu/GRAIN/00_LOFI_CLOUD: 671 instructions / sample, no baseline (BUDGET_UPDATE=1 adds it)
regress: CPU cpu/GRAIN/01_VIBE_HAZE: 676 instructions / sample, no baseline (BUDGET_UPDATE=1 adds it)
regress: CPU cpu/GRAIN/02_FLUTE_DUST: 555 instructions / sample, no baseline (BUDGET_UPDATE=1 adds it)
regress: CPU OVER BUDGET  cpu/mix/idle: 358 instructions / sample, baseline 286 (+25 %, limit +25 %)
regress: CPU OVER BUDGET  cpu/mix/idle_drums: 681 instructions / sample, baseline 495 (+38 %, limit +25 %)
regress: CPU OVER BUDGET  cpu/mix/3parts_full_drums: 1986 instructions / sample, baseline 1566 (+27 %, limit +25 %)
regress: CPU, one part with 8 notes held (VOICE 4), heaviest preset per engine (instructions / ns per sample):
regress:   ANALOG   FUNK BASS        1574 instr    68.2 ns
regress:   DIGITAL  WURLI            1115 instr    61.5 ns
regress:   PHASE    CZ STRING        1428 instr    58.7 ns
regress:   LOFI     GAME LEAD         844 instr    34.4 ns
regress:   SAMPLE   LOFI KEYS        1158 instr    57.4 ns
regress:   VOICE    TALKBOX          1084 instr    52.7 ns
regress:   TRIO     HOOVER           1407 instr    70.2 ns
regress:   WHEEL    HOUSE ORGN       1197 instr    44.7 ns
regress:   GRAIN    VIBE HAZE        1034 instr    43.4 ns
regress:   idle                       358 instr    13.8 ns
regress:   idle_drums                 681 instr    30.9 ns
regress:   3parts_full_drums         1986 instr    97.1 ns
regress: 97 golden renders (0 changed, 0 gone), 0 health failures, 0 voice / routing checks failed, 3 CPU entries over budget (0 notes), 0 crashes; 0.6 s
